// Jest Snapshot v1, https://goo.gl/fbAQLP

exports[`renders feedback dialog render feedback dialog component 1`] = `
<div
  aria-hidden="true"
/>
`;
